// Jest Snapshot v1, https://goo.gl/fbAQLP

exports[`Search component renders Search 1`] = `
<DocumentFragment>
  <div>
    <input
      placeholder="Search here..."
      type="text"
      value="tesla"
    />
  </div>
</DocumentFragment>
`;
